[WARNING STA-1171] /home/lik/.local/share/pdk/sky130A/libs.ref/sky130_fd_sc_hd/lib/tt_025C_1v80.lib line 23, default_fanout_load is 0.0.
[INFO ODB-0227] LEF file: /home/lik/.local/share/pdk/sky130A/libs.ref/sky130_fd_sc_hd/techlef/sky130_fd_sc_hd.tlef, created 13 layers, 25 vias
[WARNING ODB-0220] WARNING (LEFPARS-2008): NOWIREEXTENSIONATPIN statement is obsolete in version 5.6 or later.
The NOWIREEXTENSIONATPIN statement will be ignored. See file /home/lik/.local/share/pdk/sky130A/libs.ref/sky130_fd_sc_hd/lef/sky130_fd_sc_hd.lef at line 2.

[INFO ODB-0227] LEF file: /home/lik/.local/share/pdk/sky130A/libs.ref/sky130_fd_sc_hd/lef/sky130_fd_sc_hd.lef, created 437 library cells
[WARNING IFP-0028] Core area lower left (10.000, 10.000) snapped to (10.120, 10.880).
[INFO IFP-0001] Added 29 rows of 173 site unithd.
[INFO IFP-0100] Die BBox:  (  0.000  0.000 ) ( 100.000 100.000 ) um
[INFO IFP-0101] Core BBox: ( 10.120 10.880 ) ( 89.700 89.760 ) um
[INFO IFP-0102] Core area:                         6277.270 um^2
[INFO IFP-0103] Total instances area:              2154.566 um^2
[INFO IFP-0104] Effective utilization:                0.343
[INFO IFP-0105] Number of instances:                    189
Found 0 macro blocks.
Using 2 tracks default min distance between IO pins.
[INFO PPL-0001] Number of available slots 496
[INFO PPL-0002] Number of I/O             11
[INFO PPL-0003] Number of I/O w/sink      11
[INFO PPL-0004] Number of I/O w/o sink    0
[INFO PPL-0005] Slots per section         200
[INFO PPL-0008] Successfully assigned pins to sections.
[INFO PPL-0012] I/O nets HPWL: 577.69 um.
[INFO GPL-0001] ---- Initialize GPL Main Data Structures
[INFO GPL-0002] DBU: 1000
[INFO GPL-0003] SiteSize: (  0.460  2.720 ) um
[INFO GPL-0004] CoreBBox: ( 10.120 10.880 ) ( 89.700 89.760 ) um
[INFO GPL-0016] Core area:                    6277.270 um^2
[INFO GPL-0036] Movable instances area:       2154.566 um^2
[INFO GPL-0037] Total instances area:         2154.566 um^2
[INFO GPL-0035] Pin density area adjust:       164.075 um^2
[INFO GPL-0032] ---- Initialize Region: Top-level
[INFO GPL-0006] Number of instances:               189
[INFO GPL-0007] Movable instances:                 189
[INFO GPL-0008] Fixed instances:                     0
[INFO GPL-0009] Dummy instances:                     0
[INFO GPL-0010] Number of nets:                    191
[INFO GPL-0011] Number of pins:                    722
[INFO GPL-0012] Die BBox:       (  0.000  0.000 ) ( 100.000 100.000 ) um
[INFO GPL-0013] Placement BBox: ( 10.120 10.880 ) ( 89.700 89.760 ) um
[INFO GPL-0014] Region name: top-level.
[INFO GPL-0015] Region area:                  6277.270 um^2
[INFO GPL-0017] Fixed instances area:            0.000 um^2
[INFO GPL-0018] Movable instances area:       2318.642 um^2
[INFO GPL-0019] Utilization:                    36.937 %
[INFO GPL-0020] Standard cells area:          2318.642 um^2
[INFO GPL-0021] Large instances area:            0.000 um^2
[INFO GPL-0005] ---- Execute Conjugate Gradient Initial Placement.
[INFO GPL-0051] Source of initial instance position counters:
	Odb location = 0	Core center = 189	Region center = 0
[INFO GPL-0033] ---- Initialize Nesterov Region: Top-level
[INFO GPL-0023] Placement target density:       0.6000
[INFO GPL-0024] Movable insts average area:     12.268 um^2
[INFO GPL-0025] Ideal bin area:                 20.447 um^2
[INFO GPL-0026] Ideal bin count:                   307
[INFO GPL-0027] Total bin area:               6277.270 um^2
[INFO GPL-0028] Bin count (X, Y):          16 ,     16
[INFO GPL-0029] Bin size (W * H):       4.974 *  4.930 um
[INFO GPL-0030] Number of bins:                    256
[INFO GPL-0084] ---- Execute Nesterov Global Placement.
[INFO GPL-0031] HPWL: Half-Perimeter Wirelength
Iteration | Overflow |     HPWL (um) |  HPWL(%) |   Penalty | Group
---------------------------------------------------------------
        0 |   0.9744 |  5.492050e+02 |   +0.00% |  1.95e-14 |      
       10 |   0.9490 |  5.166800e+02 |   -5.92% |  3.18e-14 |      
       20 |   0.9486 |  5.118400e+02 |   -0.94% |  5.19e-14 |      
       30 |   0.9486 |  5.099890e+02 |   -0.36% |  8.45e-14 |      
       40 |   0.9486 |  5.094870e+02 |   -0.10% |  1.38e-13 |      
       50 |   0.9486 |  5.096440e+02 |   +0.03% |  2.24e-13 |      
       60 |   0.9485 |  5.100100e+02 |   +0.07% |  3.65e-13 |      
       70 |   0.9486 |  5.105450e+02 |   +0.10% |  5.95e-13 |      
       80 |   0.9486 |  5.116720e+02 |   +0.22% |  9.69e-13 |      
       90 |   0.9486 |  5.134690e+02 |   +0.35% |  1.58e-12 |      
      100 |   0.9485 |  5.160660e+02 |   +0.51% |  2.57e-12 |      
      110 |   0.9485 |  5.193300e+02 |   +0.63% |  4.19e-12 |      
      120 |   0.9483 |  5.230220e+02 |   +0.71% |  6.82e-12 |      
      130 |   0.9479 |  5.262300e+02 |   +0.61% |  1.11e-11 |      
      140 |   0.9436 |  5.269010e+02 |   +0.13% |  1.81e-11 |      
      150 |   0.9356 |  5.317400e+02 |   +0.92% |  2.95e-11 |      
      160 |   0.9202 |  5.545620e+02 |   +4.29% |  4.80e-11 |      
      170 |   0.8720 |  6.093790e+02 |   +9.88% |  7.82e-11 |      
      180 |   0.8589 |  6.663930e+02 |   +9.36% |  1.27e-10 |      
      190 |   0.8021 |  7.597610e+02 |  +14.01% |  2.07e-10 |      
      200 |   0.7767 |  8.172150e+02 |   +7.56% |  3.38e-10 |      
      210 |   0.7446 |  8.747760e+02 |   +7.04% |  5.51e-10 |      
      220 |   0.7054 |  9.378560e+02 |   +7.21% |  8.97e-10 |      
      230 |   0.6714 |  1.010930e+03 |   +7.79% |  1.46e-09 |      
      240 |   0.6205 |  1.087241e+03 |   +7.55% |  2.38e-09 |      
      250 |   0.5774 |  1.174948e+03 |   +8.07% |  3.88e-09 |      
      260 |   0.5367 |  1.267175e+03 |   +7.85% |  6.31e-09 |      
      270 |   0.4863 |  1.340092e+03 |   +5.75% |  1.03e-08 |      
      280 |   0.4460 |  1.410108e+03 |   +5.22% |  1.67e-08 |      
      290 |   0.3998 |  1.490314e+03 |   +5.69% |  2.73e-08 |      
      300 |   0.3483 |  1.567529e+03 |   +5.18% |  4.44e-08 |      
      310 |   0.3122 |  1.630275e+03 |   +4.00% |  6.61e-08 |      
      320 |   0.2784 |  1.684176e+03 |   +3.31% |  9.74e-08 |      
      330 |   0.2413 |  1.719367e+03 |   +2.09% |  1.44e-07 |      
      340 |   0.2069 |  1.766251e+03 |   +2.73% |  2.11e-07 |      
      350 |   0.1746 |  1.809404e+03 |   +2.44% |  3.11e-07 |      
      360 |   0.1469 |  1.832084e+03 |   +1.25% |  4.59e-07 |      
      370 |   0.1173 |  1.847604e+03 |   +0.85% |  6.76e-07 |      
      376 |   0.0988 |  1.851246e+03 |          |  8.86e-07 |      
---------------------------------------------------------------
[INFO GPL-1001] Global placement finished at iteration 376
[INFO GPL-1002] Placed Cell Area             2318.6419
[INFO GPL-1003] Available Free Area          6277.2704
[INFO GPL-1004] Minimum Feasible Density        0.3700 (cell_area / free_area)
[INFO GPL-1006]   Suggested Target Densities:
[INFO GPL-1007]     - For 90% usage of free space: 0.4104
[INFO GPL-1008]     - For 80% usage of free space: 0.4617
[INFO GPL-1009]     - For 50% usage of free space: 0.7387
[INFO GPL-1014] Final placement area: 2318.64 (+0.00%)
[INFO DPL-0006] Core area: 6277.27 um^2
[INFO DPL-0007] Movable instances area: 2154.57 um^2
[INFO DPL-0008] Fixed instances area within core: 0.00 um^2
[INFO DPL-0009] Utilization: 34.3%
[INFO DPL-0005] Diamond search max displacement: +/- 500 sites horizontally, +/- 100 rows vertically.
[INFO DPL-1102] Legalizing using negotiation legalizer.
[INFO DPL-1103] Negotiation base search window: +/-20 sites horizontally, +/-5 rows vertically 
	Automatic search window extension enabled.
	Search window extendable up to the max displacement cap of +/-500 sites, +/-100 rows near walls.
[INFO DPL-1104] NegotiationLegalizer DRC penalty: 5.
[INFO DPL-0392] Negotiation cell height distribution (1 unique row-count(s)):
[INFO DPL-0393]   height 1 row(s): 189 cells
          |      Total |  Illegal |  Illegal
Iteration | Violations |    Cells |    Sites
---------------------------------------------
        0 |          0 |         0 |         0
Negotiation phase 1 converged at iteration 0.
[INFO DPL-0500] Runtime: 0.00s
Placement Analysis
---------------------------------
total displacement        550.4 u
average displacement        2.9 u
max displacement            9.8 u
original HPWL            2230.9 u
legalized HPWL           2802.2 u
delta HPWL                   26 %

[INFO PDN-0001] Inserting grid: Core
[INFO PDN-0500] Runtime: 0.00s
[INFO DRT-0149] Reading tech and libs.
[WARNING DRT-0349] LEF58_ENCLOSURE with no CUTCLASS is not supported. Skipping for layer mcon
[WARNING DRT-0349] LEF58_ENCLOSURE with no CUTCLASS is not supported. Skipping for layer mcon
[WARNING DRT-0349] LEF58_ENCLOSURE with no CUTCLASS is not supported. Skipping for layer via
[WARNING DRT-0349] LEF58_ENCLOSURE with no CUTCLASS is not supported. Skipping for layer via
[WARNING DRT-0349] LEF58_ENCLOSURE with no CUTCLASS is not supported. Skipping for layer via2
[WARNING DRT-0349] LEF58_ENCLOSURE with no CUTCLASS is not supported. Skipping for layer via2
[WARNING DRT-0349] LEF58_ENCLOSURE with no CUTCLASS is not supported. Skipping for layer via3
[WARNING DRT-0349] LEF58_ENCLOSURE with no CUTCLASS is not supported. Skipping for layer via3
[WARNING DRT-0349] LEF58_ENCLOSURE with no CUTCLASS is not supported. Skipping for layer via4
[WARNING DRT-0349] LEF58_ENCLOSURE with no CUTCLASS is not supported. Skipping for layer via4

Units:                1000
Number of layers:     13
Number of macros:     437
Number of vias:       26
Number of viarulegen: 25

[INFO DRT-0150] Reading design.

Design:                   ws2812b_ctrl
Die area:                 ( 0 0 ) ( 100000 100000 )
Number of track patterns: 12
Number of DEF vias:       0
Number of components:     189
Number of terminals:      11
Number of snets:          3
Number of nets:           191

[INFO DRT-0167] List of default vias:
  Layer via
    default via: M1M2_PR
  Layer via2
    default via: M2M3_PR
  Layer via3
    default via: M3M4_PR
  Layer via4
    default via: M4M5_PR
[INFO DRT-0162] Library cell analysis.
[INFO DRT-0163] Instance analysis.
[INFO DRT-0164] Number of unique instances = 52.
[INFO DRT-0168] Init region query.
[INFO DRT-0024]   Complete FR_MASTERSLICE.
[INFO DRT-0024]   Complete Fr_VIA.
[INFO DRT-0024]   Complete li1.
[INFO DRT-0024]   Complete mcon.
[INFO DRT-0024]   Complete met1.
[INFO DRT-0024]   Complete via.
[INFO DRT-0024]   Complete met2.
[INFO DRT-0024]   Complete via2.
[INFO DRT-0024]   Complete met3.
[INFO DRT-0024]   Complete via3.
[INFO DRT-0024]   Complete met4.
[INFO DRT-0024]   Complete via4.
[INFO DRT-0024]   Complete met5.
[INFO DRT-0033] FR_MASTERSLICE shape region query size = 0.
[INFO DRT-0033] FR_VIA shape region query size = 0.
[INFO DRT-0033] li1 shape region query size = 7324.
[INFO DRT-0033] mcon shape region query size = 0.
[INFO DRT-0033] met1 shape region query size = 1365.
[INFO DRT-0033] via shape region query size = 225.
[INFO DRT-0033] met2 shape region query size = 251.
[INFO DRT-0033] via2 shape region query size = 0.
[INFO DRT-0033] met3 shape region query size = 0.
[INFO DRT-0033] via3 shape region query size = 0.
[INFO DRT-0033] met4 shape region query size = 0.
[INFO DRT-0033] via4 shape region query size = 0.
[INFO DRT-0033] met5 shape region query size = 0.
[INFO DRT-0165] Start pin access.
[INFO DRT-0078]   Complete 423 pins.
[INFO DRT-0081]   Complete 52 unique inst patterns.
[INFO DRT-0084]   Complete 154 groups.
#scanned instances     = 189
#unique  instances     = 52
#stdCellGenAp          = 1607
#stdCellValidPlanarAp  = 22
#stdCellValidViaAp     = 1287
#stdCellPinNoAp        = 0
#stdCellPinCnt         = 722
#instTermValidViaApCnt = 0
#macroGenAp            = 0
#macroValidPlanarAp    = 0
#macroValidViaAp       = 0
#macroNoAp             = 0
[INFO DRT-0166] Complete pin access.
[INFO DRT-0267] cpu time = 00:00:20, elapsed time = 00:00:20, memory = 219.20 (MB), peak = 225.50 (MB)

[INFO DRT-0157] Number of guides:     1414

[INFO DRT-0169] Post process guides.
[INFO DRT-0176] GCELLGRID X 0 DO 14 STEP 6900 ;
[INFO DRT-0177] GCELLGRID Y 0 DO 14 STEP 6900 ;
[INFO DRT-0028]   Complete FR_MASTERSLICE.
[INFO DRT-0028]   Complete Fr_VIA.
[INFO DRT-0028]   Complete li1.
[INFO DRT-0028]   Complete mcon.
[INFO DRT-0028]   Complete met1.
[INFO DRT-0028]   Complete via.
[INFO DRT-0028]   Complete met2.
[INFO DRT-0028]   Complete via2.
[INFO DRT-0028]   Complete met3.
[INFO DRT-0028]   Complete via3.
[INFO DRT-0028]   Complete met4.
[INFO DRT-0028]   Complete via4.
[INFO DRT-0028]   Complete met5.
[INFO DRT-0178] Init guide query.
[INFO DRT-0035]   Complete FR_MASTERSLICE (guide).
[INFO DRT-0035]   Complete Fr_VIA (guide).
[INFO DRT-0035]   Complete li1 (guide).
[INFO DRT-0035]   Complete mcon (guide).
[INFO DRT-0035]   Complete met1 (guide).
[INFO DRT-0035]   Complete via (guide).
[INFO DRT-0035]   Complete met2 (guide).
[INFO DRT-0035]   Complete via2 (guide).
[INFO DRT-0035]   Complete met3 (guide).
[INFO DRT-0035]   Complete via3 (guide).
[INFO DRT-0035]   Complete met4 (guide).
[INFO DRT-0035]   Complete via4 (guide).
[INFO DRT-0035]   Complete met5 (guide).
[INFO DRT-0036] FR_MASTERSLICE guide region query size = 0.
[INFO DRT-0036] FR_VIA guide region query size = 0.
[INFO DRT-0036] li1 guide region query size = 504.
[INFO DRT-0036] mcon guide region query size = 0.
[INFO DRT-0036] met1 guide region query size = 453.
[INFO DRT-0036] via guide region query size = 0.
[INFO DRT-0036] met2 guide region query size = 231.
[INFO DRT-0036] via2 guide region query size = 0.
[INFO DRT-0036] met3 guide region query size = 0.
[INFO DRT-0036] via3 guide region query size = 0.
[INFO DRT-0036] met4 guide region query size = 0.
[INFO DRT-0036] via4 guide region query size = 0.
[INFO DRT-0036] met5 guide region query size = 0.
[INFO DRT-0179] Init gr pin query.
[INFO DRT-0267] cpu time = 00:00:00, elapsed time = 00:00:00, memory = 219.70 (MB), peak = 225.50 (MB)
[INFO DRT-0245] skipped writing guide updates to database.
[INFO DRT-0181] Start track assignment.
[INFO DRT-0184] Done with 735 vertical wires in 1 frboxes and 453 horizontal wires in 1 frboxes.
[INFO DRT-0186] Done with 74 vertical wires in 1 frboxes and 91 horizontal wires in 1 frboxes.
[INFO DRT-0182] Complete track assignment.
[INFO DRT-0267] cpu time = 00:00:00, elapsed time = 00:00:00, memory = 221.67 (MB), peak = 225.50 (MB)
[INFO DRT-0187] Start routing data preparation.
[INFO DRT-0267] cpu time = 00:00:00, elapsed time = 00:00:00, memory = 221.73 (MB), peak = 225.50 (MB)
[INFO DRT-0194] Start detail routing.
[INFO DRT-0195] Start 0th optimization iteration.
    Completing 20% with 0 violations.
    elapsed time = 00:00:00, memory = 227.44 (MB).
    Completing 50% with 3 violations.
    elapsed time = 00:00:01, memory = 227.45 (MB).
    Completing 70% with 6 violations.
    elapsed time = 00:00:01, memory = 235.80 (MB).
    Completing 100% with 23 violations.
    elapsed time = 00:00:02, memory = 238.48 (MB).
[INFO DRT-0199]   Number of violations = 45.
Viol/Layer        mcon   met1   met2
Cut Spacing          1      0      0
Metal Spacing        0      8      0
Recheck              0     16      6
Short                0     14      0
[INFO DRT-0267] cpu time = 00:00:02, elapsed time = 00:00:02, memory = 584.86 (MB), peak = 583.22 (MB)
Total wire length = 3768 um.
Total wire length on LAYER li1 = 0 um.
Total wire length on LAYER met1 = 1691 um.
Total wire length on LAYER met2 = 2076 um.
Total wire length on LAYER met3 = 0 um.
Total wire length on LAYER met4 = 0 um.
Total wire length on LAYER met5 = 0 um.
Total number of vias = 1405.
Up-via summary (total 1405):

-----------------------
 FR_MASTERSLICE       0
            li1     680
           met1     725
           met2       0
           met3       0
           met4       0
-----------------------
               1405


[INFO DRT-0195] Start 1st optimization iteration.
    Completing 10% with 45 violations.
    elapsed time = 00:00:00, memory = 584.86 (MB).
    Completing 20% with 45 violations.
    elapsed time = 00:00:00, memory = 584.86 (MB).
    Completing 30% with 45 violations.
    elapsed time = 00:00:00, memory = 584.86 (MB).
    Completing 40% with 45 violations.
    elapsed time = 00:00:00, memory = 584.86 (MB).
    Completing 50% with 45 violations.
    elapsed time = 00:00:00, memory = 575.81 (MB).
    Completing 60% with 45 violations.
    elapsed time = 00:00:00, memory = 576.42 (MB).
    Completing 70% with 41 violations.
    elapsed time = 00:00:00, memory = 576.56 (MB).
    Completing 80% with 41 violations.
    elapsed time = 00:00:00, memory = 576.56 (MB).
    Completing 100% with 2 violations.
    elapsed time = 00:00:02, memory = 576.58 (MB).
[INFO DRT-0199]   Number of violations = 2.
Viol/Layer        met1
Metal Spacing        2
[INFO DRT-0267] cpu time = 00:00:02, elapsed time = 00:00:02, memory = 576.72 (MB), peak = 583.22 (MB)
Total wire length = 3754 um.
Total wire length on LAYER li1 = 0 um.
Total wire length on LAYER met1 = 1653 um.
Total wire length on LAYER met2 = 2100 um.
Total wire length on LAYER met3 = 0 um.
Total wire length on LAYER met4 = 0 um.
Total wire length on LAYER met5 = 0 um.
Total number of vias = 1409.
Up-via summary (total 1409):

-----------------------
 FR_MASTERSLICE       0
            li1     681
           met1     728
           met2       0
           met3       0
           met4       0
-----------------------
               1409


[INFO DRT-0195] Start 2nd optimization iteration.
    Completing 10% with 2 violations.
    elapsed time = 00:00:00, memory = 576.78 (MB).
    Completing 20% with 2 violations.
    elapsed time = 00:00:00, memory = 576.78 (MB).
    Completing 30% with 2 violations.
    elapsed time = 00:00:00, memory = 576.78 (MB).
    Completing 40% with 2 violations.
    elapsed time = 00:00:00, memory = 576.78 (MB).
    Completing 50% with 2 violations.
    elapsed time = 00:00:00, memory = 576.78 (MB).
    Completing 60% with 2 violations.
    elapsed time = 00:00:00, memory = 576.78 (MB).
    Completing 70% with 2 violations.
    elapsed time = 00:00:00, memory = 576.78 (MB).
    Completing 80% with 2 violations.
    elapsed time = 00:00:00, memory = 576.78 (MB).
    Completing 100% with 2 violations.
    elapsed time = 00:00:01, memory = 576.78 (MB).
[INFO DRT-0199]   Number of violations = 2.
Viol/Layer        met1
Metal Spacing        2
[INFO DRT-0267] cpu time = 00:00:01, elapsed time = 00:00:01, memory = 576.78 (MB), peak = 583.22 (MB)
Total wire length = 3728 um.
Total wire length on LAYER li1 = 0 um.
Total wire length on LAYER met1 = 1665 um.
Total wire length on LAYER met2 = 2062 um.
Total wire length on LAYER met3 = 0 um.
Total wire length on LAYER met4 = 0 um.
Total wire length on LAYER met5 = 0 um.
Total number of vias = 1406.
Up-via summary (total 1406):

-----------------------
 FR_MASTERSLICE       0
            li1     680
           met1     726
           met2       0
           met3       0
           met4       0
-----------------------
               1406


[INFO DRT-0195] Start 3rd guides tiles iteration.
    Completing 50% with 2 violations.
    elapsed time = 00:00:00, memory = 576.84 (MB).
    Completing 100% with 0 violations.
    elapsed time = 00:00:00, memory = 576.84 (MB).
[INFO DRT-0199]   Number of violations = 0.
[INFO DRT-0267] cpu time = 00:00:00, elapsed time = 00:00:00, memory = 576.84 (MB), peak = 583.22 (MB)
Total wire length = 3726 um.
Total wire length on LAYER li1 = 0 um.
Total wire length on LAYER met1 = 1664 um.
Total wire length on LAYER met2 = 2062 um.
Total wire length on LAYER met3 = 0 um.
Total wire length on LAYER met4 = 0 um.
Total wire length on LAYER met5 = 0 um.
Total number of vias = 1407.
Up-via summary (total 1407):

-----------------------
 FR_MASTERSLICE       0
            li1     680
           met1     727
           met2       0
           met3       0
           met4       0
-----------------------
               1407


[INFO DRT-0198] Complete detail routing.
Total wire length = 3726 um.
Total wire length on LAYER li1 = 0 um.
Total wire length on LAYER met1 = 1664 um.
Total wire length on LAYER met2 = 2062 um.
Total wire length on LAYER met3 = 0 um.
Total wire length on LAYER met4 = 0 um.
Total wire length on LAYER met5 = 0 um.
Total number of vias = 1407.
Up-via summary (total 1407):

-----------------------
 FR_MASTERSLICE       0
            li1     680
           met1     727
           met2       0
           met3       0
           met4       0
-----------------------
               1407


[INFO DRT-0267] cpu time = 00:00:07, elapsed time = 00:00:07, memory = 577.14 (MB), peak = 583.22 (MB)

[INFO DRT-0180] Post processing.
[INFO DRT-0501] Runtime: 28.07s
=== ROUTED ===
