
 /----------------------------------------------------------------------------\
 |  yosys -- Yosys Open SYnthesis Suite                                       |
 |  Copyright (C) 2012 - 2026  Claire Xenia Wolf <claire@yosyshq.com>         |
 |  Distributed under an ISC-like license, type "license" to see terms        |
 \----------------------------------------------------------------------------/
 Yosys 0.67+ (git sha1 2c28591b8-dirty, GNU /usr/bin/c++ 15.3.0)

-- Running command `
      read_verilog rtl/ws2812_led.v;
      synth -top ws2812b_ctrl -flatten;
      dfflibmap -liberty /home/lik/.local/share/pdk/sky130A/libs.ref/sky130_fd_sc_hd/lib/tt_025C_1v80.lib;
      abc -liberty /home/lik/.local/share/pdk/sky130A/libs.ref/sky130_fd_sc_hd/lib/tt_025C_1v80.lib;
      opt;
      write_verilog synth/ws2812_synth.v
    ' --

1. Executing Verilog-2005 frontend: rtl/ws2812_led.v
Parsing Verilog input from `rtl/ws2812_led.v' to AST representation.
Generating RTLIL representation for module `\ws2812b_ctrl'.
Successfully finished Verilog frontend.

2. Executing SYNTH pass.

2.1. Executing HIERARCHY pass (managing design hierarchy).

2.1.1. Analyzing design hierarchy..
Top module:  \ws2812b_ctrl

2.1.2. Analyzing design hierarchy..
Top module:  \ws2812b_ctrl
Removed 0 unused modules.

2.2. Executing PROC pass (convert processes to netlists).

2.2.1. Executing PROC_CLEAN pass (remove empty switches from decision trees).
Cleaned up 0 empty switches.

2.2.2. Executing PROC_RMDEAD pass (remove dead branches from decision trees).
Marked 2 switch rules as full_case in process $proc$rtl/ws2812_led.v:79$20 in module ws2812b_ctrl.
Marked 6 switch rules as full_case in process $proc$rtl/ws2812_led.v:33$5 in module ws2812b_ctrl.
Marked 2 switch rules as full_case in process $proc$rtl/ws2812_led.v:15$2 in module ws2812b_ctrl.
Removed a total of 0 dead cases.

2.2.3. Executing PROC_PRUNE pass (remove redundant assignments in processes).
Removed 3 redundant assignments.
Promoted 0 assignments to connections.

2.2.4. Executing PROC_INIT pass (extract init attributes).

2.2.5. Executing PROC_ARST pass (detect async resets in processes).
Found async reset \rst_n in `\ws2812b_ctrl.$proc$rtl/ws2812_led.v:79$20'.
Found async reset \rst_n in `\ws2812b_ctrl.$proc$rtl/ws2812_led.v:33$5'.
Found async reset \rst_n in `\ws2812b_ctrl.$proc$rtl/ws2812_led.v:15$2'.

2.2.6. Executing PROC_ROM pass (convert switches to ROMs).
Converted 0 switches.
<suppressed ~10 debug messages>

2.2.7. Executing PROC_MUX pass (convert decision trees to multiplexers).
Creating decoders for process `\ws2812b_ctrl.$proc$rtl/ws2812_led.v:79$20'.
     1/1: $0\gpio_out[0:0]
Creating decoders for process `\ws2812b_ctrl.$proc$rtl/ws2812_led.v:33$5'.
     1/8: $0\color_reg[23:0] [7:0]
     2/8: $0\color_reg[23:0] [15:8]
     3/8: $0\color_reg[23:0] [23:16]
     4/8: $0\fade_cnt[15:0]
     5/8: $0\fade_dir[0:0]
     6/8: $0\brightness[7:0]
     7/8: $0\bit_pos[4:0]
     8/8: $0\bit_cnt[4:0]
Creating decoders for process `\ws2812b_ctrl.$proc$rtl/ws2812_led.v:15$2'.
     1/1: $0\clk_cnt[5:0]

2.2.8. Executing PROC_DLATCH pass (convert process syncs to latches).

2.2.9. Executing PROC_DFF pass (convert process syncs to FFs).
Creating register for signal `\ws2812b_ctrl.\gpio_out' using process `\ws2812b_ctrl.$proc$rtl/ws2812_led.v:79$20'.
  created $adff cell `$procdff$73' with positive edge clock and positive level reset.
Creating register for signal `\ws2812b_ctrl.\bit_cnt' using process `\ws2812b_ctrl.$proc$rtl/ws2812_led.v:33$5'.
  created $adff cell `$procdff$78' with positive edge clock and positive level reset.
Creating register for signal `\ws2812b_ctrl.\bit_pos' using process `\ws2812b_ctrl.$proc$rtl/ws2812_led.v:33$5'.
  created $adff cell `$procdff$83' with positive edge clock and positive level reset.
Creating register for signal `\ws2812b_ctrl.\color_reg' using process `\ws2812b_ctrl.$proc$rtl/ws2812_led.v:33$5'.
  created $adff cell `$procdff$88' with positive edge clock and positive level reset.
Creating register for signal `\ws2812b_ctrl.\brightness' using process `\ws2812b_ctrl.$proc$rtl/ws2812_led.v:33$5'.
  created $adff cell `$procdff$93' with positive edge clock and positive level reset.
Creating register for signal `\ws2812b_ctrl.\fade_cnt' using process `\ws2812b_ctrl.$proc$rtl/ws2812_led.v:33$5'.
  created $adff cell `$procdff$98' with positive edge clock and positive level reset.
Creating register for signal `\ws2812b_ctrl.\fade_dir' using process `\ws2812b_ctrl.$proc$rtl/ws2812_led.v:33$5'.
  created $adff cell `$procdff$103' with positive edge clock and positive level reset.
Creating register for signal `\ws2812b_ctrl.\clk_cnt' using process `\ws2812b_ctrl.$proc$rtl/ws2812_led.v:15$2'.
  created $adff cell `$procdff$108' with positive edge clock and positive level reset.

2.2.10. Executing PROC_MEMWR pass (convert process memory writes to cells).

2.2.11. Executing PROC_CLEAN pass (remove empty switches from decision trees).
Found and cleaned up 2 empty switches in `\ws2812b_ctrl.$proc$rtl/ws2812_led.v:79$20'.
Removing empty process `ws2812b_ctrl.$proc$rtl/ws2812_led.v:79$20'.
Found and cleaned up 7 empty switches in `\ws2812b_ctrl.$proc$rtl/ws2812_led.v:33$5'.
Removing empty process `ws2812b_ctrl.$proc$rtl/ws2812_led.v:33$5'.
Found and cleaned up 1 empty switch in `\ws2812b_ctrl.$proc$rtl/ws2812_led.v:15$2'.
Removing empty process `ws2812b_ctrl.$proc$rtl/ws2812_led.v:15$2'.
Cleaned up 10 empty switches.

2.2.12. Executing OPT_EXPR pass (perform const folding).
Optimizing module ws2812b_ctrl.
<suppressed ~20 debug messages>

2.3. Executing CHECK pass (checking for obvious problems).
Checking module ws2812b_ctrl...
Found and reported 0 problems.

2.4. Executing FLATTEN pass (flatten design).

2.5. Executing OPT_EXPR pass (perform const folding).
Optimizing module ws2812b_ctrl.

2.6. Executing OPT_CLEAN pass (remove unused cells and wires).
Finding unused cells or wires in module \ws2812b_ctrl..
Removed 12 unused cells and 47 unused wires.
<suppressed ~13 debug messages>

2.7. Executing CHECK pass (checking for obvious problems).
Checking module ws2812b_ctrl...
Found and reported 0 problems.

2.8. Executing OPT pass (performing simple optimizations).

2.8.1. Executing OPT_EXPR pass (perform const folding).
Optimizing module ws2812b_ctrl.

2.8.2. Executing OPT_MERGE pass (detect identical cells).
Finding identical cells in module `\ws2812b_ctrl'.
Computing hashes of 41 cells of `\ws2812b_ctrl'.
Finding duplicate cells in `\ws2812b_ctrl'.
Removed a total of 0 cells.

2.8.3. Executing OPT_MUXTREE pass (detect dead branches in mux trees).
Running muxtree optimizer on module \ws2812b_ctrl..
  Creating internal representation of mux trees.
  Evaluating internal representation of mux trees.
      Replacing known input bits on port A of cell $procmux$32: \fade_dir -> 1'1
      Replacing known input bits on port A of cell $procmux$36: \fade_dir -> 1'0
  Analyzing evaluation results.
Removed 0 multiplexer ports.
<suppressed ~24 debug messages>

2.8.4. Executing OPT_REDUCE pass (consolidate $*mux and $reduce_* inputs).
  Optimizing cells in module \ws2812b_ctrl.
Performed a total of 0 changes.

2.8.5. Executing OPT_MERGE pass (detect identical cells).
Finding identical cells in module `\ws2812b_ctrl'.
Computing hashes of 41 cells of `\ws2812b_ctrl'.
Finding duplicate cells in `\ws2812b_ctrl'.
Removed a total of 0 cells.

2.8.6. Executing OPT_DFF pass (perform DFF optimizations).
Setting constant 0-bit at position 8 on $procdff$88 ($adff) from module ws2812b_ctrl.
Setting constant 0-bit at position 9 on $procdff$88 ($adff) from module ws2812b_ctrl.
Setting constant 0-bit at position 10 on $procdff$88 ($adff) from module ws2812b_ctrl.
Setting constant 0-bit at position 11 on $procdff$88 ($adff) from module ws2812b_ctrl.
Setting constant 0-bit at position 12 on $procdff$88 ($adff) from module ws2812b_ctrl.
Setting constant 0-bit at position 13 on $procdff$88 ($adff) from module ws2812b_ctrl.
Setting constant 0-bit at position 14 on $procdff$88 ($adff) from module ws2812b_ctrl.
Setting constant 0-bit at position 15 on $procdff$88 ($adff) from module ws2812b_ctrl.

2.8.7. Executing OPT_CLEAN pass (remove unused cells and wires).
Finding unused cells or wires in module \ws2812b_ctrl..

2.8.8. Executing OPT_EXPR pass (perform const folding).
Optimizing module ws2812b_ctrl.

2.8.9. Rerunning OPT passes. (Maybe there is more to do..)

2.8.10. Executing OPT_MUXTREE pass (detect dead branches in mux trees).
Running muxtree optimizer on module \ws2812b_ctrl..
  Creating internal representation of mux trees.
  Evaluating internal representation of mux trees.
  Analyzing evaluation results.
Removed 0 multiplexer ports.
<suppressed ~24 debug messages>

2.8.11. Executing OPT_REDUCE pass (consolidate $*mux and $reduce_* inputs).
  Optimizing cells in module \ws2812b_ctrl.
Performed a total of 0 changes.

2.8.12. Executing OPT_MERGE pass (detect identical cells).
Finding identical cells in module `\ws2812b_ctrl'.
Computing hashes of 41 cells of `\ws2812b_ctrl'.
Finding duplicate cells in `\ws2812b_ctrl'.
Removed a total of 0 cells.

2.8.13. Executing OPT_DFF pass (perform DFF optimizations).

2.8.14. Executing OPT_CLEAN pass (remove unused cells and wires).
Finding unused cells or wires in module \ws2812b_ctrl..

2.8.15. Executing OPT_EXPR pass (perform const folding).
Optimizing module ws2812b_ctrl.

2.8.16. Finished fast OPT passes. (There is nothing left to do.)

2.9. Executing FSM pass (extract and optimize FSM).

2.9.1. Executing FSM_DETECT pass (finding FSMs in design).

2.9.2. Executing FSM_EXTRACT pass (extracting FSM from design).

2.9.3. Executing FSM_OPT pass (simple optimizations of FSMs).

2.9.4. Executing OPT_CLEAN pass (remove unused cells and wires).
Finding unused cells or wires in module \ws2812b_ctrl..

2.9.5. Executing FSM_OPT pass (simple optimizations of FSMs).

2.9.6. Executing FSM_RECODE pass (re-assigning FSM state encoding).

2.9.7. Executing FSM_INFO pass (dumping all available information on FSM cells).

2.9.8. Executing FSM_MAP pass (mapping FSMs to basic logic).

2.10. Executing OPT pass (performing simple optimizations).

2.10.1. Executing OPT_EXPR pass (perform const folding).
Optimizing module ws2812b_ctrl.

2.10.2. Executing OPT_MERGE pass (detect identical cells).
Finding identical cells in module `\ws2812b_ctrl'.
Computing hashes of 41 cells of `\ws2812b_ctrl'.
Finding duplicate cells in `\ws2812b_ctrl'.
Removed a total of 0 cells.

2.10.3. Executing OPT_MUXTREE pass (detect dead branches in mux trees).
Running muxtree optimizer on module \ws2812b_ctrl..
  Creating internal representation of mux trees.
  Evaluating internal representation of mux trees.
  Analyzing evaluation results.
Removed 0 multiplexer ports.
<suppressed ~24 debug messages>

2.10.4. Executing OPT_REDUCE pass (consolidate $*mux and $reduce_* inputs).
  Optimizing cells in module \ws2812b_ctrl.
Performed a total of 0 changes.

2.10.5. Executing OPT_MERGE pass (detect identical cells).
Finding identical cells in module `\ws2812b_ctrl'.
Computing hashes of 41 cells of `\ws2812b_ctrl'.
Finding duplicate cells in `\ws2812b_ctrl'.
Removed a total of 0 cells.

2.10.6. Executing OPT_DFF pass (perform DFF optimizations).
Adding EN signal on $procdff$93 ($adff) from module ws2812b_ctrl (D = $procmux$49_Y, Q = \brightness).
Adding EN signal on $procdff$78 ($adff) from module ws2812b_ctrl (D = $procmux$62_Y, Q = \bit_cnt).
Adding EN signal on $procdff$83 ($adff) from module ws2812b_ctrl (D = $procmux$54_Y, Q = \bit_pos).
Adding EN signal on $procdff$103 ($adff) from module ws2812b_ctrl (D = $procmux$38_Y, Q = \fade_dir).
Adding EN signal on $procdff$73 ($adff) from module ws2812b_ctrl (D = $procmux$25_Y, Q = \gpio_out).

2.10.7. Executing OPT_CLEAN pass (remove unused cells and wires).
Finding unused cells or wires in module \ws2812b_ctrl..
Removed 6 unused cells and 6 unused wires.
<suppressed ~7 debug messages>

2.10.8. Executing OPT_EXPR pass (perform const folding).
Optimizing module ws2812b_ctrl.

2.10.9. Rerunning OPT passes. (Maybe there is more to do..)

2.10.10. Executing OPT_MUXTREE pass (detect dead branches in mux trees).
Running muxtree optimizer on module \ws2812b_ctrl..
  Creating internal representation of mux trees.
  Evaluating internal representation of mux trees.
  Analyzing evaluation results.
Removed 0 multiplexer ports.
<suppressed ~18 debug messages>

2.10.11. Executing OPT_REDUCE pass (consolidate $*mux and $reduce_* inputs).
  Optimizing cells in module \ws2812b_ctrl.
Performed a total of 0 changes.

2.10.12. Executing OPT_MERGE pass (detect identical cells).
Finding identical cells in module `\ws2812b_ctrl'.
Computing hashes of 40 cells of `\ws2812b_ctrl'.
Finding duplicate cells in `\ws2812b_ctrl'.
Removed a total of 0 cells.

2.10.13. Executing OPT_DFF pass (perform DFF optimizations).

2.10.14. Executing OPT_CLEAN pass (remove unused cells and wires).
Finding unused cells or wires in module \ws2812b_ctrl..

2.10.15. Executing OPT_EXPR pass (perform const folding).
Optimizing module ws2812b_ctrl.

2.10.16. Finished fast OPT passes. (There is nothing left to do.)

2.11. Executing WREDUCE pass (reducing word size of cells).
Removed top 31 bits (of 32) from port B of cell ws2812b_ctrl.$add$rtl/ws2812_led.v:18$4 ($add).
Removed top 26 bits (of 32) from port Y of cell ws2812b_ctrl.$add$rtl/ws2812_led.v:18$4 ($add).
Removed top 31 bits (of 32) from port B of cell ws2812b_ctrl.$add$rtl/ws2812_led.v:39$7 ($add).
Removed top 16 bits (of 32) from port Y of cell ws2812b_ctrl.$add$rtl/ws2812_led.v:39$7 ($add).
Removed top 31 bits (of 32) from port B of cell ws2812b_ctrl.$add$rtl/ws2812_led.v:44$11 ($add).
Removed top 24 bits (of 32) from port Y of cell ws2812b_ctrl.$add$rtl/ws2812_led.v:44$11 ($add).
Removed top 31 bits (of 32) from port B of cell ws2812b_ctrl.$sub$rtl/ws2812_led.v:47$13 ($sub).
Removed top 24 bits (of 32) from port Y of cell ws2812b_ctrl.$sub$rtl/ws2812_led.v:47$13 ($sub).
Removed top 27 bits (of 32) from port B of cell ws2812b_ctrl.$lt$rtl/ws2812_led.v:60$14 ($lt).
Removed top 31 bits (of 32) from port B of cell ws2812b_ctrl.$add$rtl/ws2812_led.v:61$15 ($add).
Removed top 27 bits (of 32) from port Y of cell ws2812b_ctrl.$add$rtl/ws2812_led.v:61$15 ($add).
Removed top 31 bits (of 32) from port B of cell ws2812b_ctrl.$add$rtl/ws2812_led.v:65$17 ($add).
Removed top 27 bits (of 32) from port Y of cell ws2812b_ctrl.$add$rtl/ws2812_led.v:65$17 ($add).
Removed top 27 bits (of 32) from port A of cell ws2812b_ctrl.$sub$rtl/ws2812_led.v:73$18 ($sub).
Removed top 26 bits (of 32) from port Y of cell ws2812b_ctrl.$sub$rtl/ws2812_led.v:73$18 ($sub).
Removed top 26 bits (of 32) from port B of cell ws2812b_ctrl.$shiftx$rtl/ws2812_led.v:73$19 ($shiftx).
Removed top 28 bits (of 32) from port B of cell ws2812b_ctrl.$lt$rtl/ws2812_led.v:84$22 ($lt).
Removed top 30 bits (of 32) from port B of cell ws2812b_ctrl.$lt$rtl/ws2812_led.v:86$23 ($lt).
Removed top 27 bits (of 32) from wire ws2812b_ctrl.$add$rtl/ws2812_led.v:65$17_Y.
Removed top 27 bits (of 32) from wire ws2812b_ctrl.$add$rtl/ws2812_led.v:61$15_Y.
Removed top 24 bits (of 32) from wire ws2812b_ctrl.$sub$rtl/ws2812_led.v:47$13_Y.
Removed top 24 bits (of 32) from wire ws2812b_ctrl.$add$rtl/ws2812_led.v:44$11_Y.
Removed top 16 bits (of 32) from wire ws2812b_ctrl.$add$rtl/ws2812_led.v:39$7_Y.
Removed top 26 bits (of 32) from wire ws2812b_ctrl.$add$rtl/ws2812_led.v:18$4_Y.

2.12. Executing PEEPOPT pass (run peephole optimizers).

2.13. Executing OPT_CLEAN pass (remove unused cells and wires).
Finding unused cells or wires in module \ws2812b_ctrl..
Removed 0 unused cells and 6 unused wires.
<suppressed ~1 debug messages>

2.14. Executing ALUMACC pass (create $alu and $macc cells).
Extracting $alu and $macc cells in module ws2812b_ctrl:
  creating $macc model for $sub$rtl/ws2812_led.v:73$18 ($sub).
  creating $macc model for $add$rtl/ws2812_led.v:65$17 ($add).
  creating $macc model for $add$rtl/ws2812_led.v:61$15 ($add).
  creating $macc model for $sub$rtl/ws2812_led.v:47$13 ($sub).
  creating $macc model for $add$rtl/ws2812_led.v:44$11 ($add).
  creating $macc model for $add$rtl/ws2812_led.v:39$7 ($add).
  creating $macc model for $add$rtl/ws2812_led.v:18$4 ($add).
  creating $alu model for $macc $add$rtl/ws2812_led.v:18$4.
  creating $alu model for $macc $add$rtl/ws2812_led.v:39$7.
  creating $alu model for $macc $add$rtl/ws2812_led.v:44$11.
  creating $alu model for $macc $sub$rtl/ws2812_led.v:47$13.
  creating $alu model for $macc $add$rtl/ws2812_led.v:61$15.
  creating $alu model for $macc $add$rtl/ws2812_led.v:65$17.
  creating $alu model for $macc $sub$rtl/ws2812_led.v:73$18.
  creating $alu model for $lt$rtl/ws2812_led.v:86$23 ($lt): new $alu
  creating $alu model for $lt$rtl/ws2812_led.v:84$22 ($lt): new $alu
  creating $alu model for $lt$rtl/ws2812_led.v:60$14 ($lt): new $alu
  creating $alu model for $eq$rtl/ws2812_led.v:64$16 ($eq): merged with $sub$rtl/ws2812_led.v:73$18.
  creating $alu cell for $lt$rtl/ws2812_led.v:60$14: $auto$alumacc.cc:512:replace_alu$134
  creating $alu cell for $lt$rtl/ws2812_led.v:84$22: $auto$alumacc.cc:512:replace_alu$139
  creating $alu cell for $lt$rtl/ws2812_led.v:86$23: $auto$alumacc.cc:512:replace_alu$144
  creating $alu cell for $sub$rtl/ws2812_led.v:73$18, $eq$rtl/ws2812_led.v:64$16: $auto$alumacc.cc:512:replace_alu$149
  creating $alu cell for $add$rtl/ws2812_led.v:65$17: $auto$alumacc.cc:512:replace_alu$154
  creating $alu cell for $add$rtl/ws2812_led.v:61$15: $auto$alumacc.cc:512:replace_alu$157
  creating $alu cell for $sub$rtl/ws2812_led.v:47$13: $auto$alumacc.cc:512:replace_alu$160
  creating $alu cell for $add$rtl/ws2812_led.v:44$11: $auto$alumacc.cc:512:replace_alu$163
  creating $alu cell for $add$rtl/ws2812_led.v:39$7: $auto$alumacc.cc:512:replace_alu$166
  creating $alu cell for $add$rtl/ws2812_led.v:18$4: $auto$alumacc.cc:512:replace_alu$169
  created 10 $alu and 0 $macc cells.

2.15. Executing SHARE pass (SAT-based resource sharing).

2.16. Executing OPT pass (performing simple optimizations).

2.16.1. Executing OPT_EXPR pass (perform const folding).
Optimizing module ws2812b_ctrl.
<suppressed ~2 debug messages>

2.16.2. Executing OPT_MERGE pass (detect identical cells).
Finding identical cells in module `\ws2812b_ctrl'.
Computing hashes of 42 cells of `\ws2812b_ctrl'.
Finding duplicate cells in `\ws2812b_ctrl'.
Removed a total of 0 cells.

2.16.3. Executing OPT_MUXTREE pass (detect dead branches in mux trees).
Running muxtree optimizer on module \ws2812b_ctrl..
  Creating internal representation of mux trees.
  Evaluating internal representation of mux trees.
  Analyzing evaluation results.
Removed 0 multiplexer ports.
<suppressed ~18 debug messages>

2.16.4. Executing OPT_REDUCE pass (consolidate $*mux and $reduce_* inputs).
  Optimizing cells in module \ws2812b_ctrl.
Performed a total of 0 changes.

2.16.5. Executing OPT_MERGE pass (detect identical cells).
Finding identical cells in module `\ws2812b_ctrl'.
Computing hashes of 42 cells of `\ws2812b_ctrl'.
Finding duplicate cells in `\ws2812b_ctrl'.
Removed a total of 0 cells.

2.16.6. Executing OPT_DFF pass (perform DFF optimizations).

2.16.7. Executing OPT_CLEAN pass (remove unused cells and wires).
Finding unused cells or wires in module \ws2812b_ctrl..
Removed 1 unused cells and 6 unused wires.
<suppressed ~2 debug messages>

2.16.8. Executing OPT_EXPR pass (perform const folding).
Optimizing module ws2812b_ctrl.

2.16.9. Rerunning OPT passes. (Maybe there is more to do..)

2.16.10. Executing OPT_MUXTREE pass (detect dead branches in mux trees).
Running muxtree optimizer on module \ws2812b_ctrl..
  Creating internal representation of mux trees.
  Evaluating internal representation of mux trees.
  Analyzing evaluation results.
Removed 0 multiplexer ports.
<suppressed ~18 debug messages>

2.16.11. Executing OPT_REDUCE pass (consolidate $*mux and $reduce_* inputs).
  Optimizing cells in module \ws2812b_ctrl.
Performed a total of 0 changes.

2.16.12. Executing OPT_MERGE pass (detect identical cells).
Finding identical cells in module `\ws2812b_ctrl'.
Computing hashes of 41 cells of `\ws2812b_ctrl'.
Finding duplicate cells in `\ws2812b_ctrl'.
Removed a total of 0 cells.

2.16.13. Executing OPT_DFF pass (perform DFF optimizations).

2.16.14. Executing OPT_CLEAN pass (remove unused cells and wires).
Finding unused cells or wires in module \ws2812b_ctrl..

2.16.15. Executing OPT_EXPR pass (perform const folding).
Optimizing module ws2812b_ctrl.

2.16.16. Finished fast OPT passes. (There is nothing left to do.)

2.17. Executing MEMORY pass.

2.17.1. Executing OPT_MEM pass (optimize memories).
Performed a total of 0 transformations.

2.17.2. Executing OPT_MEM_PRIORITY pass (removing unnecessary memory write priority relations).
Performed a total of 0 transformations.

2.17.3. Executing OPT_MEM_FEEDBACK pass (finding memory read-to-write feedback paths).

2.17.4. Executing MEMORY_BMUX2ROM pass (converting muxes to ROMs).

2.17.5. Executing MEMORY_DFF pass (merging $dff cells to $memrd).

2.17.6. Executing OPT_CLEAN pass (remove unused cells and wires).
Finding unused cells or wires in module \ws2812b_ctrl..

2.17.7. Executing MEMORY_SHARE pass (consolidating $memrd/$memwr cells).

2.17.8. Executing OPT_MEM_WIDEN pass (optimize memories where all ports are wide).
Performed a total of 0 transformations.

2.17.9. Executing OPT_CLEAN pass (remove unused cells and wires).
Finding unused cells or wires in module \ws2812b_ctrl..

2.17.10. Executing MEMORY_COLLECT pass (generating $mem cells).

2.18. Executing OPT_CLEAN pass (remove unused cells and wires).
Finding unused cells or wires in module \ws2812b_ctrl..

2.19. Executing OPT pass (performing simple optimizations).

2.19.1. Executing OPT_EXPR pass (perform const folding).
Optimizing module ws2812b_ctrl.
<suppressed ~5 debug messages>

2.19.2. Executing OPT_MERGE pass (detect identical cells).
Finding identical cells in module `\ws2812b_ctrl'.
Computing hashes of 41 cells of `\ws2812b_ctrl'.
Finding duplicate cells in `\ws2812b_ctrl'.
Removed a total of 0 cells.

2.19.3. Executing OPT_DFF pass (perform DFF optimizations).

2.19.4. Executing OPT_CLEAN pass (remove unused cells and wires).
Finding unused cells or wires in module \ws2812b_ctrl..
Removed 0 unused cells and 3 unused wires.
<suppressed ~1 debug messages>

2.19.5. Finished fast OPT passes.

2.20. Executing MEMORY_MAP pass (converting memories to logic and flip-flops).

2.21. Executing OPT pass (performing simple optimizations).

2.21.1. Executing OPT_EXPR pass (perform const folding).
Optimizing module ws2812b_ctrl.

2.21.2. Executing OPT_MERGE pass (detect identical cells).
Finding identical cells in module `\ws2812b_ctrl'.
Computing hashes of 41 cells of `\ws2812b_ctrl'.
Finding duplicate cells in `\ws2812b_ctrl'.
Removed a total of 0 cells.

2.21.3. Executing OPT_MUXTREE pass (detect dead branches in mux trees).
Running muxtree optimizer on module \ws2812b_ctrl..
  Creating internal representation of mux trees.
  Evaluating internal representation of mux trees.
  Analyzing evaluation results.
Removed 0 multiplexer ports.
<suppressed ~14 debug messages>

2.21.4. Executing OPT_REDUCE pass (consolidate $*mux and $reduce_* inputs).
  Optimizing cells in module \ws2812b_ctrl.
Performed a total of 0 changes.

2.21.5. Executing OPT_MERGE pass (detect identical cells).
Finding identical cells in module `\ws2812b_ctrl'.
Computing hashes of 41 cells of `\ws2812b_ctrl'.
Finding duplicate cells in `\ws2812b_ctrl'.
Removed a total of 0 cells.

2.21.6. Executing OPT_SHARE pass.
    Found cells that share an operand and can be merged by moving the $mux $procmux$49 in front of them:
        $auto$alumacc.cc:512:replace_alu$160
        $auto$alumacc.cc:512:replace_alu$163

2.21.7. Executing OPT_DFF pass (perform DFF optimizations).

2.21.8. Executing OPT_CLEAN pass (remove unused cells and wires).
Finding unused cells or wires in module \ws2812b_ctrl..
Removed 0 unused cells and 6 unused wires.
<suppressed ~1 debug messages>

2.21.9. Executing OPT_EXPR pass (perform const folding).
Optimizing module ws2812b_ctrl.
<suppressed ~2 debug messages>

2.21.10. Rerunning OPT passes. (Maybe there is more to do..)

2.21.11. Executing OPT_MUXTREE pass (detect dead branches in mux trees).
Running muxtree optimizer on module \ws2812b_ctrl..
  Creating internal representation of mux trees.
  Evaluating internal representation of mux trees.
  Analyzing evaluation results.
Removed 0 multiplexer ports.
<suppressed ~14 debug messages>

2.21.12. Executing OPT_REDUCE pass (consolidate $*mux and $reduce_* inputs).
  Optimizing cells in module \ws2812b_ctrl.
    Consolidated identical input bits for $mux cell $auto$opt_share.cc:244:merge_operators$181:
      Old ports: A=8'11111111, B=8'00000001, Y=$auto$rtlil.cc:3402:Mux$182
      New ports: A=1'1, B=1'0, Y=$auto$rtlil.cc:3402:Mux$182 [1]
      New connections: { $auto$rtlil.cc:3402:Mux$182 [7:2] $auto$rtlil.cc:3402:Mux$182 [0] } = { $auto$rtlil.cc:3402:Mux$182 [1] $auto$rtlil.cc:3402:Mux$182 [1] $auto$rtlil.cc:3402:Mux$182 [1] $auto$rtlil.cc:3402:Mux$182 [1] $auto$rtlil.cc:3402:Mux$182 [1] $auto$rtlil.cc:3402:Mux$182 [1] 1'1 }
  Optimizing cells in module \ws2812b_ctrl.
Performed a total of 1 changes.

2.21.13. Executing OPT_MERGE pass (detect identical cells).
Finding identical cells in module `\ws2812b_ctrl'.
Computing hashes of 40 cells of `\ws2812b_ctrl'.
Finding duplicate cells in `\ws2812b_ctrl'.
Removed a total of 0 cells.

2.21.14. Executing OPT_SHARE pass.

2.21.15. Executing OPT_DFF pass (perform DFF optimizations).

2.21.16. Executing OPT_CLEAN pass (remove unused cells and wires).
Finding unused cells or wires in module \ws2812b_ctrl..
Removed 0 unused cells and 2 unused wires.
<suppressed ~1 debug messages>

2.21.17. Executing OPT_EXPR pass (perform const folding).
Optimizing module ws2812b_ctrl.
<suppressed ~1 debug messages>

2.21.18. Rerunning OPT passes. (Maybe there is more to do..)

2.21.19. Executing OPT_MUXTREE pass (detect dead branches in mux trees).
Running muxtree optimizer on module \ws2812b_ctrl..
  Creating internal representation of mux trees.
  Evaluating internal representation of mux trees.
  Analyzing evaluation results.
Removed 0 multiplexer ports.
<suppressed ~12 debug messages>

2.21.20. Executing OPT_REDUCE pass (consolidate $*mux and $reduce_* inputs).
  Optimizing cells in module \ws2812b_ctrl.
Performed a total of 0 changes.

2.21.21. Executing OPT_MERGE pass (detect identical cells).
Finding identical cells in module `\ws2812b_ctrl'.
Computing hashes of 40 cells of `\ws2812b_ctrl'.
Finding duplicate cells in `\ws2812b_ctrl'.
Removed a total of 0 cells.

2.21.22. Executing OPT_SHARE pass.

2.21.23. Executing OPT_DFF pass (perform DFF optimizations).

2.21.24. Executing OPT_CLEAN pass (remove unused cells and wires).
Finding unused cells or wires in module \ws2812b_ctrl..

2.21.25. Executing OPT_EXPR pass (perform const folding).
Optimizing module ws2812b_ctrl.

2.21.26. Finished fast OPT passes. (There is nothing left to do.)

2.22. Executing TECHMAP pass (map to technology primitives).

2.22.1. Executing Verilog-2005 frontend: /home/lik/.local/bin/../share/yosys/techmap.v
Parsing Verilog input from `/home/lik/.local/bin/../share/yosys/techmap.v' to AST representation.
Generating RTLIL representation for module `\_90_simplemap_bool_ops'.
Generating RTLIL representation for module `\_90_simplemap_reduce_ops'.
Generating RTLIL representation for module `\_90_simplemap_logic_ops'.
Generating RTLIL representation for module `\_90_simplemap_compare_ops'.
Generating RTLIL representation for module `\_90_simplemap_various'.
Generating RTLIL representation for module `\_90_simplemap_registers'.
Generating RTLIL representation for module `\_90_shift_ops_shr_shl_sshl_sshr'.
Generating RTLIL representation for module `\_90_shift_shiftx'.
Generating RTLIL representation for module `\_90_fa'.
Generating RTLIL representation for module `\_90_lcu_brent_kung'.
Generating RTLIL representation for module `\_90_alu'.
Generating RTLIL representation for module `\_90_macc'.
Generating RTLIL representation for module `\_90_alumacc'.
Generating RTLIL representation for module `$__div_mod_u'.
Generating RTLIL representation for module `$__div_mod_trunc'.
Generating RTLIL representation for module `\_90_div'.
Generating RTLIL representation for module `\_90_mod'.
Generating RTLIL representation for module `$__div_mod_floor'.
Generating RTLIL representation for module `\_90_divfloor'.
Generating RTLIL representation for module `\_90_modfloor'.
Generating RTLIL representation for module `\_90_pow'.
Generating RTLIL representation for module `\_90_demux'.
Generating RTLIL representation for module `\_90_lut'.
Generating RTLIL representation for module `$connect'.
Generating RTLIL representation for module `$input_port'.
Successfully finished Verilog frontend.

2.22.2. Continuing TECHMAP pass.
Using extmapper simplemap for cells of type $not.
Using template $paramod$32efbfac1c4dc57230cf86180788fdfd12e3b511\_90_alu for cells of type $alu.
Using template $paramod$2af30114e9bd4ccb04dad757b3f0a8f6bf0615b0\_90_alu for cells of type $alu.
Using template $paramod$a1bc51c02ce12ac21eb18988e83292af48ed7d72\_90_alu for cells of type $alu.
Using template $paramod$672a140277c71df8314410f22acc08d55222c3c7\_90_alu for cells of type $alu.
Using extmapper simplemap for cells of type $reduce_and.
Using template $paramod$649fc39eef2451024566705288528c8671211199\_90_alu for cells of type $alu.
Using template $paramod$eae5c6d909a05153739c7821f34da2cbc0422532\_90_alu for cells of type $alu.
Using template $paramod$dad13a281fa6a9ffd6dd427a87dc9a952e80e9ea\_90_alu for cells of type $alu.
Using template $paramod$b18e16801adf491a64caa0542270798e5d4ac6b6\_90_alu for cells of type $alu.
Using extmapper simplemap for cells of type $adffe.
Using extmapper simplemap for cells of type $ne.
Using extmapper simplemap for cells of type $adff.
Using extmapper simplemap for cells of type $eq.
Using extmapper simplemap for cells of type $logic_not.
Using template $paramod$constmap:892c5c6fb105fdfb5ae28fc240feb25a7b149123$paramod$9189ddbee8183323d3e0b7dd2c983ae843396345\_90_shift_shiftx for cells of type $shiftx.
Using extmapper simplemap for cells of type $mux.
Using extmapper simplemap for cells of type $xor.
Using template $paramod\_90_fa\WIDTH=32'00000000000000000000000000000110 for cells of type $fa.
Using template $paramod\_90_lcu_brent_kung\WIDTH=32'00000000000000000000000000000110 for cells of type $lcu.
Using extmapper simplemap for cells of type $pos.
Using template $paramod\_90_fa\WIDTH=32'00000000000000000000000000010000 for cells of type $fa.
Using template $paramod\_90_lcu_brent_kung\WIDTH=32'00000000000000000000000000010000 for cells of type $lcu.
Using template $paramod\_90_fa\WIDTH=32'00000000000000000000000000001000 for cells of type $fa.
Using template $paramod\_90_lcu_brent_kung\WIDTH=32'00000000000000000000000000001000 for cells of type $lcu.
Using template $paramod\_90_fa\WIDTH=32'00000000000000000000000000000101 for cells of type $fa.
Using template $paramod\_90_lcu_brent_kung\WIDTH=32'00000000000000000000000000000101 for cells of type $lcu.
Using template $paramod\_90_fa\WIDTH=32'00000000000000000000000000000011 for cells of type $fa.
Using template $paramod\_90_lcu_brent_kung\WIDTH=32'00000000000000000000000000000011 for cells of type $lcu.
Using extmapper simplemap for cells of type $or.
Using extmapper simplemap for cells of type $and.
No more expansions possible.
<suppressed ~1399 debug messages>

2.23. Executing OPT pass (performing simple optimizations).

2.23.1. Executing OPT_EXPR pass (perform const folding).
Optimizing module ws2812b_ctrl.
<suppressed ~763 debug messages>

2.23.2. Executing OPT_MERGE pass (detect identical cells).
Finding identical cells in module `\ws2812b_ctrl'.
Computing hashes of 687 cells of `\ws2812b_ctrl'.
Finding duplicate cells in `\ws2812b_ctrl'.
Computing hashes of 627 cells of `\ws2812b_ctrl'.
Finding duplicate cells in `\ws2812b_ctrl'.
Computing hashes of 596 cells of `\ws2812b_ctrl'.
Finding duplicate cells in `\ws2812b_ctrl'.
Computing hashes of 571 cells of `\ws2812b_ctrl'.
Finding duplicate cells in `\ws2812b_ctrl'.
Computing hashes of 561 cells of `\ws2812b_ctrl'.
Finding duplicate cells in `\ws2812b_ctrl'.
Computing hashes of 559 cells of `\ws2812b_ctrl'.
Finding duplicate cells in `\ws2812b_ctrl'.
<suppressed ~384 debug messages>
Removed a total of 128 cells.

2.23.3. Executing OPT_DFF pass (perform DFF optimizations).

2.23.4. Executing OPT_CLEAN pass (remove unused cells and wires).
Finding unused cells or wires in module \ws2812b_ctrl..
Removed 257 unused cells and 494 unused wires.
<suppressed ~258 debug messages>

2.23.5. Finished fast OPT passes.

2.24. Executing ABC pass (technology mapping using ABC).

2.24.1. Extracting gate netlist of module `\ws2812b_ctrl' to `<abc-temp-dir>/input.blif'..
Replacing 10 occurrences of constant undef bits with constant zero bits

2.24.1.1. Executed ABC.
Extracted 252 gates and 303 wires to a netlist network with 49 inputs and 46 outputs.
Running ABC script: <abc-temp-dir>/abc.script
ABC: UC Berkeley, ABC 1.01 (compiled Jul 30 2026 00:17:08)
ABC: abc 01> empty
ABC: abc 01> source <abc-temp-dir>/abc.script
ABC: + read_blif <abc-temp-dir>/input.blif 
ABC: + read_library <abc-temp-dir>/stdcells.genlib 
ABC: + strash 
ABC: + &get -n 
ABC: + &fraig -x 
ABC: + &put 
ABC: + scorr 
ABC: Warning: The network is combinational (run "fraig" or "fraig_sweep").
ABC: + dc2 
ABC: + dretime 
ABC: + strash 
ABC: + &get -n 
ABC: + &dch -f 
ABC: + &nf 
ABC: + &put 
ABC: + write_blif <abc-temp-dir>/output.blif 
ABC: 
ABC: YOSYS_ABC_DONE 

2.24.1.2. Re-integrating ABC results.
ABC RESULTS:               AND cells:       53
ABC RESULTS:            ANDNOT cells:       12
ABC RESULTS:               MUX cells:       10
ABC RESULTS:              NAND cells:       24
ABC RESULTS:               NOR cells:       13
ABC RESULTS:               NOT cells:        5
ABC RESULTS:                OR cells:       16
ABC RESULTS:             ORNOT cells:        3
ABC RESULTS:              XNOR cells:       10
ABC RESULTS:               XOR cells:       20
ABC RESULTS:        internal signals:      208
ABC RESULTS:           input signals:       49
ABC RESULTS:          output signals:       46
Removing temp directory.
Removing global temp directory.

2.25. Executing OPT pass (performing simple optimizations).

2.25.1. Executing OPT_EXPR pass (perform const folding).
Optimizing module ws2812b_ctrl.

2.25.2. Executing OPT_MERGE pass (detect identical cells).
Finding identical cells in module `\ws2812b_ctrl'.
Computing hashes of 216 cells of `\ws2812b_ctrl'.
Finding duplicate cells in `\ws2812b_ctrl'.
Removed a total of 0 cells.

2.25.3. Executing OPT_DFF pass (perform DFF optimizations).

2.25.4. Executing OPT_CLEAN pass (remove unused cells and wires).
Finding unused cells or wires in module \ws2812b_ctrl..
Removed 0 unused cells and 188 unused wires.
<suppressed ~2 debug messages>

2.25.5. Finished fast OPT passes.

2.26. Executing HIERARCHY pass (managing design hierarchy).
Attribute `top' found on module `ws2812b_ctrl'. Setting top module to ws2812b_ctrl.

2.26.1. Analyzing design hierarchy..
Top module:  \ws2812b_ctrl

2.26.2. Analyzing design hierarchy..
Top module:  \ws2812b_ctrl
Removed 0 unused modules.

2.27. Printing statistics.

=== ws2812b_ctrl ===

        +----------Local Count, excluding submodules.
        | 
      151 wires
      243 wire bits
       13 public wires
       78 public wire bits
        4 ports
       11 port bits
      216 cells
       12   $_ANDNOT_
       53   $_AND_
       20   $_DFFE_PN0P_
       30   $_DFF_PN0_
       10   $_MUX_
       24   $_NAND_
       13   $_NOR_
        5   $_NOT_
        3   $_ORNOT_
       16   $_OR_
       10   $_XNOR_
       20   $_XOR_

2.28. Executing CHECK pass (checking for obvious problems).
Checking module ws2812b_ctrl...
Found and reported 0 problems.

3. Executing DFFLIBMAP pass (mapping DFF cells to sequential cells from liberty file).
  cell sky130_fd_sc_hd__dfxtp_1 (noninv, pins=3, area=20.02) is a direct match for cell type $_DFF_P_.
  cell sky130_fd_sc_hd__dfrtn_1 (noninv, pins=4, area=25.02) is a direct match for cell type $_DFF_NN0_.
  cell sky130_fd_sc_hd__dfrtp_1 (noninv, pins=4, area=25.02) is a direct match for cell type $_DFF_PN0_.
  cell sky130_fd_sc_hd__dfstp_2 (noninv, pins=4, area=26.28) is a direct match for cell type $_DFF_PN1_.
  cell sky130_fd_sc_hd__edfxtp_1 (noninv, pins=4, area=30.03) is a direct match for cell type $_DFFE_PP_.
  cell sky130_fd_sc_hd__dfbbn_1 (noninv, pins=6, area=32.53) is a direct match for cell type $_DFFSR_NNN_.
  cell sky130_fd_sc_hd__dfbbp_1 (noninv, pins=6, area=32.53) is a direct match for cell type $_DFFSR_PNN_.
  final dff cell mappings:
    unmapped dff cell: $_DFF_N_
    \sky130_fd_sc_hd__dfxtp_1 _DFF_P_ (.CLK( C), .D( D), .Q( Q));
    \sky130_fd_sc_hd__dfrtn_1 _DFF_NN0_ (.CLK_N( C), .D( D), .Q( Q), .RESET_B( R));
    unmapped dff cell: $_DFF_NN1_
    unmapped dff cell: $_DFF_NP0_
    unmapped dff cell: $_DFF_NP1_
    \sky130_fd_sc_hd__dfrtp_1 _DFF_PN0_ (.CLK( C), .D( D), .Q( Q), .RESET_B( R));
    \sky130_fd_sc_hd__dfstp_2 _DFF_PN1_ (.CLK( C), .D( D), .Q( Q), .SET_B( R));
    unmapped dff cell: $_DFF_PP0_
    unmapped dff cell: $_DFF_PP1_
    unmapped dff cell: $_DFFE_NN_
    unmapped dff cell: $_DFFE_NP_
    unmapped dff cell: $_DFFE_PN_
    \sky130_fd_sc_hd__edfxtp_1 _DFFE_PP_ (.CLK( C), .D( D), .DE( E), .Q( Q));
    \sky130_fd_sc_hd__dfbbn_1 _DFFSR_NNN_ (.CLK_N( C), .D( D), .Q( Q), .Q_N(~Q), .RESET_B( R), .SET_B( S));
    unmapped dff cell: $_DFFSR_NNP_
    unmapped dff cell: $_DFFSR_NPN_
    unmapped dff cell: $_DFFSR_NPP_
    \sky130_fd_sc_hd__dfbbp_1 _DFFSR_PNN_ (.CLK( C), .D( D), .Q( Q), .Q_N(~Q), .RESET_B( R), .SET_B( S));
    unmapped dff cell: $_DFFSR_PNP_
    unmapped dff cell: $_DFFSR_PPN_
    unmapped dff cell: $_DFFSR_PPP_

3.1. Executing DFFLEGALIZE pass (convert FFs to types supported by the target).
<suppressed ~24 debug messages>
Mapping DFF cells in module `\ws2812b_ctrl':
  mapped 50 $_DFF_PN0_ cells to \sky130_fd_sc_hd__dfrtp_1 cells.

4. Executing ABC pass (technology mapping using ABC).

4.1. Extracting gate netlist of module `\ws2812b_ctrl' to `<abc-temp-dir>/input.blif'..
ABC: using cached merged SCL: /tmp/yosys-liberty-scl-cache/yosys_merged_9e40c064.scl (1 files)

4.1.1. Executed ABC.
Extracted 186 gates and 236 wires to a netlist network with 50 inputs and 42 outputs.
Running ABC script: <abc-temp-dir>/abc.script
ABC: UC Berkeley, ABC 1.01 (compiled Jul 30 2026 00:17:08)
ABC: abc 01> empty
ABC: abc 01> source <abc-temp-dir>/abc.script
ABC: + read_blif <abc-temp-dir>/input.blif 
ABC: + read_scl /tmp/yosys-liberty-scl-cache/yosys_merged_9e40c064.scl 
ABC: Warning: Detected 9 multi-output cells (for example, "sky130_fd_sc_hd__fa_1").
ABC: + strash 
ABC: + &get -n 
ABC: + &fraig -x 
ABC: + &put 
ABC: + scorr 
ABC: Warning: The network is combinational (run "fraig" or "fraig_sweep").
ABC: + dc2 
ABC: + dretime 
ABC: + strash 
ABC: + &get -n 
ABC: + &dch -f 
ABC: + &nf 
ABC: + &put 
ABC: + write_blif <abc-temp-dir>/output.blif 
ABC: 
ABC: YOSYS_ABC_DONE 

4.1.2. Re-integrating ABC results.
ABC RESULTS:   sky130_fd_sc_hd__a211oi_1 cells:        2
ABC RESULTS:   sky130_fd_sc_hd__a21oi_1 cells:       12
ABC RESULTS:   sky130_fd_sc_hd__a311oi_1 cells:        1
ABC RESULTS:   sky130_fd_sc_hd__a31oi_1 cells:        5
ABC RESULTS:   sky130_fd_sc_hd__a32oi_1 cells:        1
ABC RESULTS:   sky130_fd_sc_hd__and2_0 cells:        3
ABC RESULTS:   sky130_fd_sc_hd__and3_1 cells:        4
ABC RESULTS:   sky130_fd_sc_hd__and3b_1 cells:        1
ABC RESULTS:   sky130_fd_sc_hd__and4_1 cells:        5
ABC RESULTS:   sky130_fd_sc_hd__clkinv_1 cells:        2
ABC RESULTS:   sky130_fd_sc_hd__lpflow_inputiso1p_1 cells:        2
ABC RESULTS:   sky130_fd_sc_hd__lpflow_isobufsrc_1 cells:        2
ABC RESULTS:   sky130_fd_sc_hd__maj3_1 cells:        1
ABC RESULTS:   sky130_fd_sc_hd__mux2_1 cells:        3
ABC RESULTS:   sky130_fd_sc_hd__mux2i_1 cells:        2
ABC RESULTS:   sky130_fd_sc_hd__mux4_2 cells:        2
ABC RESULTS:   sky130_fd_sc_hd__nand2_1 cells:       13
ABC RESULTS:   sky130_fd_sc_hd__nand2b_1 cells:        2
ABC RESULTS:   sky130_fd_sc_hd__nand3_1 cells:        3
ABC RESULTS:   sky130_fd_sc_hd__nand3b_1 cells:        1
ABC RESULTS:   sky130_fd_sc_hd__nand4_1 cells:        4
ABC RESULTS:   sky130_fd_sc_hd__nor2_1 cells:       19
ABC RESULTS:   sky130_fd_sc_hd__nor3_1 cells:        7
ABC RESULTS:   sky130_fd_sc_hd__nor3b_1 cells:        3
ABC RESULTS:   sky130_fd_sc_hd__nor4_1 cells:        1
ABC RESULTS:   sky130_fd_sc_hd__nor4b_1 cells:        1
ABC RESULTS:   sky130_fd_sc_hd__o211ai_1 cells:        1
ABC RESULTS:   sky130_fd_sc_hd__o21ai_0 cells:        7
ABC RESULTS:   sky130_fd_sc_hd__o21bai_1 cells:        1
ABC RESULTS:   sky130_fd_sc_hd__o41ai_1 cells:        1
ABC RESULTS:   sky130_fd_sc_hd__or3_1 cells:        1
ABC RESULTS:   sky130_fd_sc_hd__or4_1 cells:        3
ABC RESULTS:   sky130_fd_sc_hd__xnor2_1 cells:       16
ABC RESULTS:   sky130_fd_sc_hd__xor2_1 cells:        7
ABC RESULTS:        internal signals:      144
ABC RESULTS:           input signals:       50
ABC RESULTS:          output signals:       42
Removing temp directory.
Removing global temp directory.

5. Executing OPT pass (performing simple optimizations).

5.1. Executing OPT_EXPR pass (perform const folding).
Optimizing module ws2812b_ctrl.

5.2. Executing OPT_MERGE pass (detect identical cells).
Finding identical cells in module `\ws2812b_ctrl'.
Computing hashes of 189 cells of `\ws2812b_ctrl'.
Finding duplicate cells in `\ws2812b_ctrl'.
Removed a total of 0 cells.

5.3. Executing OPT_MUXTREE pass (detect dead branches in mux trees).
Running muxtree optimizer on module \ws2812b_ctrl..
  Creating internal representation of mux trees.
  No muxes found in this module.
Removed 0 multiplexer ports.

5.4. Executing OPT_REDUCE pass (consolidate $*mux and $reduce_* inputs).
  Optimizing cells in module \ws2812b_ctrl.
Performed a total of 0 changes.

5.5. Executing OPT_MERGE pass (detect identical cells).
Finding identical cells in module `\ws2812b_ctrl'.
Computing hashes of 189 cells of `\ws2812b_ctrl'.
Finding duplicate cells in `\ws2812b_ctrl'.
Removed a total of 0 cells.

5.6. Executing OPT_DFF pass (perform DFF optimizations).

5.7. Executing OPT_CLEAN pass (remove unused cells and wires).
Finding unused cells or wires in module \ws2812b_ctrl..
Removed 0 unused cells and 229 unused wires.
<suppressed ~2 debug messages>

5.8. Executing OPT_EXPR pass (perform const folding).
Optimizing module ws2812b_ctrl.

5.9. Rerunning OPT passes. (Maybe there is more to do..)

5.10. Executing OPT_MUXTREE pass (detect dead branches in mux trees).
Running muxtree optimizer on module \ws2812b_ctrl..
  Creating internal representation of mux trees.
  No muxes found in this module.
Removed 0 multiplexer ports.

5.11. Executing OPT_REDUCE pass (consolidate $*mux and $reduce_* inputs).
  Optimizing cells in module \ws2812b_ctrl.
Performed a total of 0 changes.

5.12. Executing OPT_MERGE pass (detect identical cells).
Finding identical cells in module `\ws2812b_ctrl'.
Computing hashes of 189 cells of `\ws2812b_ctrl'.
Finding duplicate cells in `\ws2812b_ctrl'.
Removed a total of 0 cells.

5.13. Executing OPT_DFF pass (perform DFF optimizations).

5.14. Executing OPT_CLEAN pass (remove unused cells and wires).
Finding unused cells or wires in module \ws2812b_ctrl..

5.15. Executing OPT_EXPR pass (perform const folding).
Optimizing module ws2812b_ctrl.

5.16. Finished fast OPT passes. (There is nothing left to do.)

6. Executing Verilog backend.

6.1. Executing BMUXMAP pass.

6.2. Executing DEMUXMAP pass.
Dumping module `\ws2812b_ctrl'.

End of script. Logfile hash: d9ec4a153d, time: 3.47s, user: 2.41s, system: 0.05s, MEM: 97.92 MB peak
Yosys 0.67+ (git sha1 2c28591b8-dirty, GNU /usr/bin/c++ 15.3.0)
Time spent: 30% 2x abc (1 sec), 16% 1x dfflibmap (0 sec), ...
